== Brocard root-of-unity heuristic ==
  n    roots     sqrt(n!)  window hits       E(n)
  4        8            4            2     1.6330
     hits: [5, 7]
  5       16           10            2     1.4606
     hits: [11, 19]
  6       16           26            0     0.5963
  7       32           70            1     0.4507
     hits: [71]
  8       32          200            0     0.1594
  9       32          602            0     0.0531
 10       32         1904            0     0.0168
 11       64         6317            0     0.0101
 12       64        21886            0     0.0029

asymptotic E(n) = 2^(pi(n)+1) * sqrt(n!) / n!:
  n=   10: log10 E(n) = -1.8
  n=   20: log10 E(n) = -6.5
  n=   50: log10 E(n) = -27.4
  n=  100: log10 E(n) = -71.2
  n= 1000: log10 E(n) = -1232.9
