Using multiprecision floating point with 50 bits precision.
Curve [0,1016,0,576,0] :	Working with minimal curve [0,-1,0,-21469,1217965] via [u,r,s,t] = [2,-340,0,0]

1 points of order 2:
[85:0:1]

(c,d)  =(254,36)
(c',d')=(-508,64372)
Using 2-isogenous curve [0,-508,0,64372,0] (minimal model [0,-1,0,-21649,1196689])
-------------------------------------------------------
First step, determining 1st descent Selmer groups
-------------------------------------------------------
Finding els gens for E (c= 254, d= 36)
Support (length 3): [ -1 2 3 ]
After els sieving, nelsgens = 0
2-rank of S^{phi}(E') = 0

Finding els gens for E' (c'= -508, d'= 64372)
Support (length 5): [ -1 2 7 11 19 ]
Adding (torsion) els generator #1: d1 = 133
Adding (torsion) els generator #2: d1 = 2
Adding els generator #3: d1 = 77
After els sieving, nelsgens = 3
2-rank of S^{phi'}(E) = 3
(els)gens: [ 133 2 77 ]
After first local descent, rank bound = 1
rk(S^{phi}(E'))=	0
rk(S^{phi'}(E))=	3

-------------------------------------------------------
Second step, determining 2nd descent Selmer groups
-------------------------------------------------------
Finding els2 gens for E (c= 254, d= 36) which lift to S^2(E)
After els2 sieving, nels2gens = 0
2-rank of phi'(S^2(E)) = 0

Finding els2 gens for E' (c'= -508, d'= 64372) which lift to S^2(E')
Adding (torsion) els2 generator #1: d1 = 133
Adding (torsion) els2 generator #2: d1 = 2
Adding els2 generator #3: d1 = 77
After els2 sieving, nels2gens = 3
2-rank of phi(S^2(E')) = 3
(els2)gens: [ 133 2 77 ]
After second local descent, rank bound = 1
rk(phi'(S^{2}(E)))=	0
rk(phi(S^{2}(E')))=	3
rk(S^{2}(E))=	2
rk(S^{2}(E'))=	3

Third step, determining E(Q)/phi(E'(Q)) and E'(Q)/phi'(E(Q))
-------------------------------------------------------
1. E(Q)/phi(E'(Q))
-------------------------------------------------------
(c,d)  =(254,36)
(c',d')=(-508,64372)
This component of the rank is 0
After gls sieving, nglsgens = 0
shortfall in rank from first  descent = 0
shortfall in rank from second descent = 0
-------------------------------------------------------
2. E'(Q)/phi'(E(Q))
-------------------------------------------------------
Adding (torsion) gls generator #1: d1 = 133
Adding (torsion) gls generator #2: d1 = 2
First stage (no second descent yet)...
(77,0,-508,0,836):  (x:y:z) = (2:6:1)
	Curve E' 	Point [308:924:1], height = 0.86743153079581
	Curve E 	Point [18:297:8], height = 1.7348630615916
Adding gls generator #3: d1 = 77
After first global descent, this component of the rank = 3

After gls sieving, nglsgens = 3
shortfall in rank from first  descent = 0
shortfall in rank from second descent = 0
(gls)gens: [ 133 2 77 ]

-------------------------------------------------------
Summary of results:
-------------------------------------------------------
	rank(E) = 1
	#E(Q)/2E(Q) = 4

Information on III(E/Q):
	#III(E/Q)[phi']    = 1
	#III(E/Q)[2]       = 1

Information on III(E'/Q):
	#phi'(III(E/Q)[2]) = 1
	#III(E'/Q)[phi]    = 1
	#III(E'/Q)[2]      = 1

-------------------------------------------------------

List of points on E = [0,-1,0,-21469,1217965]:

I.  Points on E mod phi(E')
--none (modulo torsion).


II. Points on phi(E') mod 2E
Point [698:297:8], height = 1.7348630615916
-------------------------------------------------------
Computing full set of 2 coset representatives for
2E(Q) in E(Q) (modulo torsion), and sorting into height order....done.


Used descent via 2-isogeny with isogenous curve E' = [0,-1,0,-21649,1196689]
Rank = 1
Rank of S^2(E)  = 2
Rank of S^2(E') = 3
Rank of S^phi(E') = 0
Rank of S^phi'(E) = 3

Searching for points (bound = 8)...done:
  found points which generate a subgroup of rank 1
  and regulator 1.7348630615916
Processing points found during 2-descent...done:
  now regulator = 1.7348630615916
Saturating (with bound = 1000)...done:
  points were already saturated.
Transferring points from minimal curve [0,-1,0,-21469,1217965] back to original curve [0,1016,0,576,0]

Generator 1 is [64:2112:1]; height 1.7348630615916

Regulator = 1.7348630615916

The rank and full Mordell-Weil basis have been determined unconditionally.
 (0.385614 seconds)

DONE
