== mss_k34_descent_p2 ==
[A] census over coprime (u,v), max(u,v) <= B
[A] chain survivors (n^2 square): 12  full hits: [(1, 1, 8, 9, 3, 2)]
[B] killing primes (no F_p point at all) for N^2 = c w^4 -64 w^2 + d:
    (c,d)= (1, 72)  killing primes <=509: []
    (c,d)= (8, 9)  killing primes <=509: []
    (c,d)= (9, 8)  killing primes <=509: []
    (c,d)= (72, 1)  killing primes <=509: []
[B2] layer-2 local solubility (v nonzero mod p):
     L1 n^2+119v^4=8w^2  killing primes (v!=0): []
     L2 9n^2+952v^4=W^2  killing primes (v!=0): []
     L3 n^2+952t^4=A^2  killing primes (v!=0): []
[C] (1,72) second-layer splits d1*d2=238, mod-16 / parity kills:
    (d1,d2)= (1, 238)  ->  SURVIVES parity/mod16
    (d1,d2)= (2, 119)  ->  KILLED: no parity class with v even + n odd + u^2 square
    (d1,d2)= (7, 34)  ->  KILLED: no parity class with v even + n odd + u^2 square
    (d1,d2)= (14, 17)  ->  SURVIVES parity/mod16
    (d1,d2)= (17, 14)  ->  SURVIVES parity/mod16
    (d1,d2)= (34, 7)  ->  KILLED: no parity class with v even + n odd + u^2 square
    (d1,d2)= (119, 2)  ->  KILLED: no parity class with v even + n odd + u^2 square
    (d1,d2)= (238, 1)  ->  SURVIVES parity/mod16
[D] integer search N^2 = c w^4 - 64 w^2 + d, |w| <= 400:
    (c,d)= (1, 72)  integer points: [(-1, 3), (1, 3)]
    (c,d)= (8, 9)  integer points: [(-3, 9), (0, 3), (3, 9)]
    (c,d)= (9, 8)  integer points: []
    (c,d)= (72, 1)  integer points: [(-1, 3), (0, 1), (1, 3)]
[D2] rational search w=r/s, 1<=s<=40, |r|<=40*maxs, on same quartics:
    (c,d)= (1, 72)  rational points (r,s,N): [(-1, 1, 3), (1, 1, 3), (-71, 6, 3727), (71, 6, 3727)]  total 4
    (c,d)= (8, 9)  rational points (r,s,N): [(-3, 1, 9), (0, 1, 3), (3, 1, 9)]  total 3
    (c,d)= (9, 8)  rational points (r,s,N): [(-1, 3, 9), (1, 3, 9), (-71, 18, 11181), (71, 18, 11181)]  total 4
    (c,d)= (72, 1)  rational points (r,s,N): [(-1, 1, 3), (0, 1, 1), (1, 1, 3)]  total 3
