========================================================================
C3_A : killing primes [3, 5, 11, 13], N = 2145
  mod  3 :  3/ 3 residue classes survive  [0, 1, 2]
  mod  5 :  3/ 5 residue classes survive  [0, 1, 4]
  mod 11 :  3/11 residue classes survive  [0, 1, 10]
  mod 13 :  3/13 residue classes survive  [0, 1, 12]
  after p= 3 :    3 classes mod 3
  after p= 5 :    9 classes mod 15
  after p=11 :   27 classes mod 165
  after p=13 :   81 classes mod 2145
  ALL 4 primes: 81/2145 classes survive
  survivors: [0, 1, 65, 66, 131, 144, 155, 209, 220, 221, 274, 285, 286, 351, 364, 429, 430, 441, 494, 495, 506, 560, 571, 584, 649, 650, 714, 715, 716, 780, 781, 846, 859, 870, 924, 935, 936, 989, 1000, 1001, 1066, 1079, 1144, 1145, 1156, 1209, 1210, 1221, 1275, 1286, 1299, 1364, 1365, 1429, 1430, 1431, 1495, 1496, 1561, 1574] ...
  degenerate {0,1,-1} all present: True ; non-degenerate extras: 78
========================================================================
C3_B : killing primes [3, 5, 19, 29], N = 8265
  mod  3 :  3/ 3 residue classes survive  [0, 1, 2]
  mod  5 :  3/ 5 residue classes survive  [0, 1, 4]
  mod 19 :  3/19 residue classes survive  [0, 1, 18]
  mod 29 :  3/29 residue classes survive  [0, 1, 28]
  after p= 3 :    3 classes mod 3
  after p= 5 :    9 classes mod 15
  after p=19 :   27 classes mod 285
  after p=29 :   81 classes mod 8265
  ALL 4 primes: 81/8265 classes survive
  survivors: [0, 1, 115, 436, 494, 550, 551, 609, 666, 1044, 1045, 1101, 1159, 1160, 1595, 1596, 1654, 1710, 1711, 2089, 2146, 2204, 2205, 2261, 2319, 2640, 2754, 2755, 2756, 2870, 3191, 3249, 3305, 3306, 3364, 3421, 3799, 3800, 3856, 3914, 3915, 4350, 4351, 4409, 4465, 4466, 4844, 4901, 4959, 4960, 5016, 5074, 5395, 5509, 5510, 5511, 5625, 5946, 6004, 6060] ...
  degenerate {0,1,-1} all present: True ; non-degenerate extras: 78
