=== 2. per-prime sieve, all 1 mod 4 primes <= 3e5 ===
primes: 12980
progress 2000 {'K10': {'disc': 0, 'region': 0, 'adm': 0, 'prime': 0, 'verified': 0}, 'K12': {'disc': 0, 'region': 0, 'adm': 0, 'prime': 0, 'verified': 0}, 'K13': {'disc': 0, 'region': 0, 'adm': 0, 'prime': 0, 'verified': 0}, 'K14': {'disc': 0, 'region': 0, 'adm': 0, 'prime': 0, 'verified': 0}, 'K15': {'disc': 0, 'region': 0, 'adm': 0, 'prime': 0, 'verified': 0}, 'K16': {'disc': 0, 'region': 0, 'adm': 0, 'prime': 0, 'verified': 0}}
progress 4000 {'K10': {'disc': 0, 'region': 0, 'adm': 0, 'prime': 0, 'verified': 0}, 'K12': {'disc': 0, 'region': 0, 'adm': 0, 'prime': 0, 'verified': 0}, 'K13': {'disc': 0, 'region': 0, 'adm': 0, 'prime': 0, 'verified': 0}, 'K14': {'disc': 0, 'region': 0, 'adm': 0, 'prime': 0, 'verified': 0}, 'K15': {'disc': 0, 'region': 0, 'adm': 0, 'prime': 0, 'verified': 0}, 'K16': {'disc': 0, 'region': 0, 'adm': 0, 'prime': 0, 'verified': 0}}
progress 6000 {'K10': {'disc': 0, 'region': 0, 'adm': 0, 'prime': 0, 'verified': 0}, 'K12': {'disc': 0, 'region': 0, 'adm': 0, 'prime': 0, 'verified': 0}, 'K13': {'disc': 0, 'region': 0, 'adm': 0, 'prime': 0, 'verified': 0}, 'K14': {'disc': 0, 'region': 0, 'adm': 0, 'prime': 0, 'verified': 0}, 'K15': {'disc': 0, 'region': 0, 'adm': 0, 'prime': 0, 'verified': 0}, 'K16': {'disc': 0, 'region': 0, 'adm': 0, 'prime': 0, 'verified': 0}}
progress 8000 {'K10': {'disc': 0, 'region': 0, 'adm': 0, 'prime': 0, 'verified': 0}, 'K12': {'disc': 0, 'region': 0, 'adm': 0, 'prime': 0, 'verified': 0}, 'K13': {'disc': 0, 'region': 0, 'adm': 0, 'prime': 0, 'verified': 0}, 'K14': {'disc': 0, 'region': 0, 'adm': 0, 'prime': 0, 'verified': 0}, 'K15': {'disc': 0, 'region': 0, 'adm': 0, 'prime': 0, 'verified': 0}, 'K16': {'disc': 0, 'region': 0, 'adm': 0, 'prime': 0, 'verified': 0}}
progress 10000 {'K10': {'disc': 0, 'region': 0, 'adm': 0, 'prime': 0, 'verified': 0}, 'K12': {'disc': 0, 'region': 0, 'adm': 0, 'prime': 0, 'verified': 0}, 'K13': {'disc': 0, 'region': 0, 'adm': 0, 'prime': 0, 'verified': 0}, 'K14': {'disc': 0, 'region': 0, 'adm': 0, 'prime': 0, 'verified': 0}, 'K15': {'disc': 0, 'region': 0, 'adm': 0, 'prime': 0, 'verified': 0}, 'K16': {'disc': 0, 'region': 0, 'adm': 0, 'prime': 0, 'verified': 0}}
progress 12000 {'K10': {'disc': 0, 'region': 0, 'adm': 0, 'prime': 0, 'verified': 0}, 'K12': {'disc': 0, 'region': 0, 'adm': 0, 'prime': 0, 'verified': 0}, 'K13': {'disc': 0, 'region': 0, 'adm': 0, 'prime': 0, 'verified': 0}, 'K14': {'disc': 0, 'region': 0, 'adm': 0, 'prime': 0, 'verified': 0}, 'K15': {'disc': 0, 'region': 0, 'adm': 0, 'prime': 0, 'verified': 0}, 'K16': {'disc': 0, 'region': 0, 'adm': 0, 'prime': 0, 'verified': 0}}
sieve complete. stats:
  K10 {'disc': 0, 'region': 0, 'adm': 0, 'prime': 0, 'verified': 0}
  K12 {'disc': 0, 'region': 0, 'adm': 0, 'prime': 0, 'verified': 0}
  K13 {'disc': 0, 'region': 0, 'adm': 0, 'prime': 0, 'verified': 0}
  K14 {'disc': 0, 'region': 0, 'adm': 0, 'prime': 0, 'verified': 0}
  K15 {'disc': 0, 'region': 0, 'adm': 0, 'prime': 0, 'verified': 0}
  K16 {'disc': 0, 'region': 0, 'adm': 0, 'prime': 0, 'verified': 0}
total fully-verified hits: 0
DONE
=== 2. per-prime sieve, all 1 mod 4 primes <= 3e5 ===
primes: 12980
progress 2000 {'K10': {'disc': 0, 'region': 0, 'adm': 0, 'prime': 0, 'verified': 0}, 'K12': {'disc': 0, 'region': 0, 'adm': 0, 'prime': 0, 'verified': 0}, 'K13': {'disc': 0, 'region': 0, 'adm': 0, 'prime': 0, 'verified': 0}, 'K14': {'disc': 0, 'region': 0, 'adm': 0, 'prime': 0, 'verified': 0}, 'K15': {'disc': 0, 'region': 0, 'adm': 0, 'prime': 0, 'verified': 0}, 'K16': {'disc': 0, 'region': 0, 'adm': 0, 'prime': 0, 'verified': 0}}
progress 4000 {'K10': {'disc': 0, 'region': 0, 'adm': 0, 'prime': 0, 'verified': 0}, 'K12': {'disc': 0, 'region': 0, 'adm': 0, 'prime': 0, 'verified': 0}, 'K13': {'disc': 0, 'region': 0, 'adm': 0, 'prime': 0, 'verified': 0}, 'K14': {'disc': 0, 'region': 0, 'adm': 0, 'prime': 0, 'verified': 0}, 'K15': {'disc': 0, 'region': 0, 'adm': 0, 'prime': 0, 'verified': 0}, 'K16': {'disc': 0, 'region': 0, 'adm': 0, 'prime': 0, 'verified': 0}}
progress 6000 {'K10': {'disc': 0, 'region': 0, 'adm': 0, 'prime': 0, 'verified': 0}, 'K12': {'disc': 0, 'region': 0, 'adm': 0, 'prime': 0, 'verified': 0}, 'K13': {'disc': 0, 'region': 0, 'adm': 0, 'prime': 0, 'verified': 0}, 'K14': {'disc': 0, 'region': 0, 'adm': 0, 'prime': 0, 'verified': 0}, 'K15': {'disc': 0, 'region': 0, 'adm': 0, 'prime': 0, 'verified': 0}, 'K16': {'disc': 0, 'region': 0, 'adm': 0, 'prime': 0, 'verified': 0}}
progress 8000 {'K10': {'disc': 0, 'region': 0, 'adm': 0, 'prime': 0, 'verified': 0}, 'K12': {'disc': 0, 'region': 0, 'adm': 0, 'prime': 0, 'verified': 0}, 'K13': {'disc': 0, 'region': 0, 'adm': 0, 'prime': 0, 'verified': 0}, 'K14': {'disc': 0, 'region': 0, 'adm': 0, 'prime': 0, 'verified': 0}, 'K15': {'disc': 0, 'region': 0, 'adm': 0, 'prime': 0, 'verified': 0}, 'K16': {'disc': 0, 'region': 0, 'adm': 0, 'prime': 0, 'verified': 0}}
progress 10000 {'K10': {'disc': 0, 'region': 0, 'adm': 0, 'prime': 0, 'verified': 0}, 'K12': {'disc': 0, 'region': 0, 'adm': 0, 'prime': 0, 'verified': 0}, 'K13': {'disc': 0, 'region': 0, 'adm': 0, 'prime': 0, 'verified': 0}, 'K14': {'disc': 0, 'region': 0, 'adm': 0, 'prime': 0, 'verified': 0}, 'K15': {'disc': 0, 'region': 0, 'adm': 0, 'prime': 0, 'verified': 0}, 'K16': {'disc': 0, 'region': 0, 'adm': 0, 'prime': 0, 'verified': 0}}
progress 12000 {'K10': {'disc': 0, 'region': 0, 'adm': 0, 'prime': 0, 'verified': 0}, 'K12': {'disc': 0, 'region': 0, 'adm': 0, 'prime': 0, 'verified': 0}, 'K13': {'disc': 0, 'region': 0, 'adm': 0, 'prime': 0, 'verified': 0}, 'K14': {'disc': 0, 'region': 0, 'adm': 0, 'prime': 0, 'verified': 0}, 'K15': {'disc': 0, 'region': 0, 'adm': 0, 'prime': 0, 'verified': 0}, 'K16': {'disc': 0, 'region': 0, 'adm': 0, 'prime': 0, 'verified': 0}}
sieve complete. stats:
  K10 {'disc': 0, 'region': 0, 'adm': 0, 'prime': 0, 'verified': 0}
  K12 {'disc': 0, 'region': 0, 'adm': 0, 'prime': 0, 'verified': 0}
  K13 {'disc': 0, 'region': 0, 'adm': 0, 'prime': 0, 'verified': 0}
  K14 {'disc': 0, 'region': 0, 'adm': 0, 'prime': 0, 'verified': 0}
  K15 {'disc': 0, 'region': 0, 'adm': 0, 'prime': 0, 'verified': 0}
  K16 {'disc': 0, 'region': 0, 'adm': 0, 'prime': 0, 'verified': 0}
total fully-verified hits: 0
DONE
