== mss_k34_descent_p1: identity + delta structure verification ==
[1] symbolic R^2 - V'^2 = 4608*a**4*b**4
[1] identity (R^2-V'^2)=4608a^4b^4 and b^8*f((a/b)^2)=V'^2: VERIFIED symbolically
[1] 4608 = 2^9*3^2 : True
[2] numeric identity sweep a,b<=60 coprime: mismatches = 0
[3] R mod 3 = 2 whenever 3 !| ab (coprime a,b<200): violations = 0
[3] both odd: R=4 mod 16 count = 40000  violations = 0
[3] exactly one even: R odd, violations = 0
[4] degenerate witnesses:
    (a,b)= (0, 1)  V'= 1  R-V'= 0  R+V'= 2  delta= 2  delta_fact= {2: 1}
      U= 0  W= 1  gcd(U,W)=1 ok, UW=4608a^4b^4/delta^2 ok
    (a,b)= (0, 1)  V'= -1  R-V'= 2  R+V'= 0  delta= 2  delta_fact= {2: 1}
      U= 1  W= 0  gcd(U,W)=1 ok, UW=4608a^4b^4/delta^2 ok
    (a,b)= (1, 1)  V'= 4  R-V'= 64  R+V'= 72  delta= 8  delta_fact= {2: 3}
      U= 8  W= 9  gcd(U,W)=1 ok, UW=4608a^4b^4/delta^2 ok
    (a,b)= (1, 1)  V'= -4  R-V'= 72  R+V'= 64  delta= 8  delta_fact= {2: 3}
      U= 9  W= 8  gcd(U,W)=1 ok, UW=4608a^4b^4/delta^2 ok
[5] constant-split enumeration:
    j= 1  m= 7  fpf(2^m*9)= 72  coprime fpf pairs: [(1, 72), (8, 9), (9, 8), (72, 1)]
    j= 3  m= 3  fpf(2^m*9)= 72  coprime fpf pairs: [(1, 72), (8, 9), (9, 8), (72, 1)]
[5] union of admissible (c1,c2) over j in {1,3}: [(1, 72), (8, 9), (9, 8), (72, 1)]
[5] EXACTLY the four pairs (1,72),(8,9),(9,8),(72,1) occur. VERIFIED
[6] degenerate (1,1): R = 4*(8*1^4+9*1^4) = 68, V' = 4*(9-8) = 4. VERIFIED
[7] R = n^2+64(ab)^2 and V'^2 = n^4+128n^2(ab)^2-512(ab)^4: VERIFIED numerically
