=== S1: Frobenius traces, Ẽ_A vs claimed Jacobian J_A ===
p= 7  a_p(E~_A)= -4   a_p(J_A)= -3  DIFFER
p=11  a_p(E~_A)=  4   a_p(J_A)=  4  SAME
p=13  a_p(E~_A)=  4   a_p(J_A)= -3  DIFFER
p=17  a_p(E~_A)= -2   a_p(J_A)=  0  DIFFER
p=19  a_p(E~_A)= -4   a_p(J_A)=  1  DIFFER
p=23  a_p(E~_A)= -8   a_p(J_A)= -1  DIFFER
p=29  a_p(E~_A)= -8   a_p(J_A)=  6  DIFFER
p=31  a_p(E~_A)= -4   a_p(J_A)=  4  DIFFER
=== S1b: Ẽ_B vs claimed J_B ===
p= 5  a_p(E~_B)=  0   a_p(J_B)= -4  DIFFER
p= 7  a_p(E~_B)= -4   a_p(J_B)=  0  DIFFER
p=11  a_p(E~_B)= -4   a_p(J_B)= -4  SAME
p=13  a_p(E~_B)= -4   a_p(J_B)=  1  DIFFER
p=17  a_p(E~_B)= -2   a_p(J_B)=  7  DIFFER
p=19  a_p(E~_B)=  4   a_p(J_B)= -2  DIFFER
p=23  a_p(E~_B)= -8   a_p(J_B)= -4  DIFFER
p=31  a_p(E~_B)= -4   a_p(J_B)= -3  DIFFER
=== S2: generic quartic->Weierstrass vs classical formula ===
test quartic: quad coeffs xE**2 - 1 3*xE - 3 2*xE - 11/4
  D(xE) = -2*(xE - 1)*(4*xE**2 - 6*xE - 1)
  scaled monic cubic: y^2 = x^3 + (-5/2) x^2 + (-10) x + (16)
  j(generic-method Jac) = 628864/235
  I,J = 10 29  claimed Jac y^2=x^3-27Jx-27I; j = 10536048/6091
  match: False
M_A generic cubic: y^2 = x^3 + (125) x^2 + (-34840) x + (-286784)
  j = 6937086288194500/3291025651317  equals j(E_A)=-8000/81: False
M_B generic cubic: y^2 = x^3 + (-51) x^2 + (-5426) x + (-138432)
  j = -430642544988096/141207251743  equals j(E_B)=2744000/9: False
