== mss_k34_descent_p3 ==
[L3a] projective local solubility of d1 r^4 + 32 r^2 s^2 + d2 s^4 = square
    (d1,d2)= (1, 238)  killing primes: []
    (d1,d2)= (2, 119)  killing primes: []
    (d1,d2)= (7, 34)  killing primes: []
    (d1,d2)= (14, 17)  killing primes: []
    (d1,d2)= (17, 14)  killing primes: []
    (d1,d2)= (34, 7)  killing primes: []
    (d1,d2)= (119, 2)  killing primes: []
    (d1,d2)= (238, 1)  killing primes: []
[L3b] parity/mod-16 table per split (classes (r%2,s%2)):
    (d1,d2)= (1, 238)  (r,s)->(F%16, n%2, n%4, 3n|3): [(0, 0, 0, 0, 0, 0), (0, 1, 14, 0, 2, 1), (1, 0, 1, 1, 3, 2), (1, 1, 15, 1, 1, 0)]
    (d1,d2)= (2, 119)  (r,s)->(F%16, n%2, n%4, 3n|3): [(0, 0, 0, 0, 0, 0), (0, 1, 7, 1, 3, 2), (1, 0, 2, 0, 2, 1), (1, 1, 9, 1, 1, 0)]
    (d1,d2)= (7, 34)  (r,s)->(F%16, n%2, n%4, 3n|3): [(0, 0, 0, 0, 0, 0), (0, 1, 2, 0, 2, 1), (1, 0, 7, 1, 1, 2), (1, 1, 9, 1, 3, 0)]
    (d1,d2)= (14, 17)  (r,s)->(F%16, n%2, n%4, 3n|3): [(0, 0, 0, 0, 0, 0), (0, 1, 1, 1, 1, 2), (1, 0, 14, 0, 2, 1), (1, 1, 15, 1, 3, 0)]
    (d1,d2)= (17, 14)  (r,s)->(F%16, n%2, n%4, 3n|3): [(0, 0, 0, 0, 0, 0), (0, 1, 14, 0, 2, 2), (1, 0, 1, 1, 3, 1), (1, 1, 15, 1, 1, 0)]
    (d1,d2)= (34, 7)  (r,s)->(F%16, n%2, n%4, 3n|3): [(0, 0, 0, 0, 0, 0), (0, 1, 7, 1, 3, 1), (1, 0, 2, 0, 2, 2), (1, 1, 9, 1, 1, 0)]
    (d1,d2)= (119, 2)  (r,s)->(F%16, n%2, n%4, 3n|3): [(0, 0, 0, 0, 0, 0), (0, 1, 2, 0, 2, 2), (1, 0, 7, 1, 1, 1), (1, 1, 9, 1, 3, 0)]
    (d1,d2)= (238, 1)  (r,s)->(F%16, n%2, n%4, 3n|3): [(0, 0, 0, 0, 0, 0), (0, 1, 1, 1, 1, 1), (1, 0, 14, 0, 2, 2), (1, 1, 15, 1, 3, 0)]
[L3c] numeric spot-check of F- F+ = 18 r^4 structure, split (238,1):
    (r,s,u)= (2, 3, 71)  F-= 2  F+= 144  gcd odd part = 1  3|g: False
    (r,s,u)= (6, 9, 639)  F-= 18  F+= 1296  gcd odd part = 9  3|g: True
    (r,s,u)= (10, 15, 1775)  F-= 50  F+= 3600  gcd odd part = 25  3|g: False
    (r,s,u)= (14, 21, 3479)  F-= 98  F+= 7056  gcd odd part = 49  3|g: False
    (r,s,u)= (18, 27, 5751)  F-= 162  F+= 11664  gcd odd part = 81  3|g: True
    (r,s,u)= (22, 33, 8591)  F-= 242  F+= 17424  gcd odd part = 121  3|g: False
    (r,s,u)= (26, 39, 11999)  F-= 338  F+= 24336  gcd odd part = 169  3|g: False
    (r,s,u)= (30, 45, 15975)  F-= 450  F+= 32400  gcd odd part = 225  3|g: True
    (r,s,u)= (34, 51, 20519)  F-= 578  F+= 41616  gcd odd part = 289  3|g: False
    (r,s,u)= (38, 57, 25631)  F-= 722  F+= 51984  gcd odd part = 361  3|g: False
    (r,s,u)= (42, 63, 31311)  F-= 882  F+= 63504  gcd odd part = 441  3|g: True
    (r,s,u)= (46, 69, 37559)  F-= 1058  F+= 76176  gcd odd part = 529  3|g: False
    (r,s,u)= (50, 75, 44375)  F-= 1250  F+= 90000  gcd odd part = 625  3|g: False
    (r,s,u)= (54, 81, 51759)  F-= 1458  F+= 104976  gcd odd part = 729  3|g: True
    (r,s,u)= (58, 87, 59711)  F-= 1682  F+= 121104  gcd odd part = 841  3|g: False
[L3c] hits: 15
[L3d] numeric sweep u^2 = d1 r^4+32r^2s^2+d2 s^4, rs even, |r|,|s|<=60:
    (d1,d2)= (1, 238)  hits (r,s,u,n): [(3, 2, 71, 3727), (6, 4, 284, 59632), (9, 6, 639, 301887), (12, 8, 1136, 954112), (15, 10, 1775, 2329375), (18, 12, 2556, 4830192), (21, 14, 3479, 8948527), (24, 16, 4544, 15265792), (27, 18, 5751, 24452847), (30, 20, 7100, 37270000)]  total 20
    (d1,d2)= (2, 119)  hits (r,s,u,n): []  total 0
    (d1,d2)= (7, 34)  hits (r,s,u,n): []  total 0
    (d1,d2)= (14, 17)  hits (r,s,u,n): []  total 0
    (d1,d2)= (17, 14)  hits (r,s,u,n): []  total 0
    (d1,d2)= (34, 7)  hits (r,s,u,n): []  total 0
    (d1,d2)= (119, 2)  hits (r,s,u,n): []  total 0
    (d1,d2)= (238, 1)  hits (r,s,u,n): [(2, 3, 71, -3727), (4, 6, 284, -59632), (6, 9, 639, -301887), (8, 12, 1136, -954112), (10, 15, 1775, -2329375), (12, 18, 2556, -4830192), (14, 21, 3479, -8948527), (16, 24, 4544, -15265792), (18, 27, 5751, -24452847), (20, 30, 7100, -37270000)]  total 20
