deep cover-A m<=1000 hits=0 t=8s
deep cover-A m<=2000 hits=0 t=15s
deep cover-A m<=3000 hits=0 t=23s
deep cover-A m<=4000 hits=0 t=31s
deep cover-A m<=5000 hits=0 t=38s
deep cover-A m<=6000 hits=0 t=46s
deep cover-A m<=7000 hits=0 t=53s
deep cover-A m<=8000 hits=0 t=61s
deep cover-A m<=9000 hits=0 t=68s
deep cover-A m<=10000 hits=0 t=76s
deep cover-A DONE hits=0 t=76s
deep cover-B m<=1000 hits=0 t=8s
deep cover-B m<=2000 hits=0 t=16s
deep cover-B m<=3000 hits=0 t=23s
deep cover-B m<=4000 hits=0 t=31s
deep cover-B m<=5000 hits=0 t=39s
deep cover-B m<=6000 hits=0 t=47s
deep cover-B m<=7000 hits=0 t=55s
deep cover-B m<=8000 hits=0 t=63s
deep cover-B m<=9000 hits=0 t=71s
deep cover-B m<=10000 hits=0 t=79s
deep cover-B DONE hits=0 t=79s
=== deep done ===
