lonely_runner_census_v2.py -- deeper exact LRC census, Tue Sep  1 13:24:11 2026
python 3.13.2 / numpy 2.4.3
engine imported unchanged from lonely_runner_census.py (Lemma L1).

==============================================================================
SELF-TESTS (v2)
==============================================================================
T1  kappa(1.. 1) = 1/2    expected 1/2   witness t=1/2    OK
T1  kappa(1.. 2) = 1/3    expected 1/3   witness t=1/3    OK
T1  kappa(1.. 3) = 1/4    expected 1/4   witness t=1/4    OK
T1  kappa(1.. 4) = 1/5    expected 1/5   witness t=1/5    OK
T1  kappa(1.. 5) = 1/6    expected 1/6   witness t=1/6    OK
T1  kappa(1.. 6) = 1/7    expected 1/7   witness t=1/7    OK
T1  kappa(1.. 7) = 1/8    expected 1/8   witness t=1/8    OK
T1  kappa(1.. 8) = 1/9    expected 1/9   witness t=1/9    OK
T1  kappa(1.. 9) = 1/10   expected 1/10  witness t=1/10   OK
T1  kappa(1..10) = 1/11   expected 1/11  witness t=1/11   OK
T1  kappa(1..11) = 1/12   expected 1/12  witness t=1/12   OK
T1  kappa(1..12) = 1/13   expected 1/13  witness t=1/13   OK
T2  kappa(3,8,11,19) = 7/30   expected 7/30   OK
T3  engine >= dense grid on 200 random sets (n=6..8, v<=25): 0 failures OK
T4  difference-class redundancy: 300 sets tested, 0 mismatches OK
SELF-TESTS: ALL PASSED

------------------------------------------------------------------------------
CENSUS A6x  (n=6, exhaustive primitive 6-subsets of [1,22], LRC bound 1/7)
  sets tested           : 74144
  min kappa found       : 1/7  at V=(1, 2, 3, 4, 5, 6)
  violations k < 1/(n+1): 0 
  tight sets k = 1/(n+1): 1
  tight non-{1..n}      : 0
  elapsed               : 21.8 s

  [E8] running: 148952 sets, min so far 1/9, tight 1, viol 0 (60 s)
  [E8] running: 278145 sets, min so far 1/9, tight 1, viol 0 (120 s)
------------------------------------------------------------------------------
CENSUS E8  (n=8, exhaustive primitive 8-subsets of [1,22], LRC bound 1/9)
  sets tested           : 319605
  min kappa found       : 1/9  at V=(1, 2, 3, 4, 5, 6, 7, 8)
  violations k < 1/(n+1): 0 
  tight sets k = 1/(n+1): 1
  tight non-{1..n}      : 0
  elapsed               : 140.5 s

  [F9] running: 134547 sets, min so far 1/10, tight 1, viol 0 (60 s)
  [F9] running: 263439 sets, min so far 1/10, tight 1, viol 0 (120 s)
------------------------------------------------------------------------------
CENSUS F9  (n=9, exhaustive primitive 9-subsets of [1,21], LRC bound 1/10)
  sets tested           : 293920
  min kappa found       : 1/10  at V=(1, 2, 3, 4, 5, 6, 7, 8, 9)
  violations k < 1/(n+1): 0 
  tight sets k = 1/(n+1): 1
  tight non-{1..n}      : 0
  elapsed               : 135.7 s

------------------------------------------------------------------------------
CENSUS G9  (n=9, 2000 random primitive 9-subsets of [1,300], LRC bound 1/10)
  sets tested           : 2000
  min kappa found       : 67/309  at V=(1, 10, 16, 73, 93, 100, 103, 139, 170)
  violations k < 1/(n+1): 0 
  tight sets k = 1/(n+1): 0
  tight non-{1..n}      : 0
  elapsed               : 35.1 s

------------------------------------------------------------------------------
CENSUS H10  (n=10, 800 random primitive 10-subsets of [1,150], LRC bound 1/11)
  sets tested           : 800
  min kappa found       : 20/111  at V=(1, 8, 17, 25, 37, 42, 43, 72, 94, 130)
  violations k < 1/(n+1): 0 
  tight sets k = 1/(n+1): 0
  tight non-{1..n}      : 0
  elapsed               : 7.2 s

==============================================================================
SUMMARY (all values exact rationals from this run)
==============================================================================
  n= 6  sets=74144   min_kappa=1/7      violations=0  tight=1  tight_non_consecutive=0
  n= 8  sets=319605  min_kappa=1/9      violations=0  tight=1  tight_non_consecutive=0
  n= 9  sets=293920  min_kappa=1/10     violations=0  tight=1  tight_non_consecutive=0
  n= 9  sets=2000    min_kappa=67/309   violations=0  tight=0  tight_non_consecutive=0
  n=10  sets=800     min_kappa=20/111   violations=0  tight=0  tight_non_consecutive=0

Legend: violations = sets with kappa < 1/(n+1) = LRC counterexamples;
any nonzero count is exact-verified by the Lemma L1 engine and would
disprove LRC. tight = sets with kappa = 1/(n+1) exactly.

TIGHT-SET STRUCTURE TABLE (all tight non-consecutive sets found):
