lonely_runner_tightscan.py -- wide-box tight-set scan, Tue Sep  1 13:29:57 2026
python 3.13.2
engine imported unchanged from lonely_runner_census.py (Lemma L1);
difference-class omitted (redundant, self-test T4 in v1/v2: 0/800 mismatches).

CENSUS W2  (n=2, exhaustive primitive 2-subsets of [1,60], bound 1/3)
  sets tested           : 1101
  violations k < 1/(n+1): 0
  tight sets k = 1/(n+1): 1
  tight non-{1..n}      : 0
  tight with (n+1)|v   : 0
  tight missing +/-1 res: 0
  tight failing T3      : 0
  elapsed               : 0.2 s

CENSUS W3  (n=3, exhaustive primitive 3-subsets of [1,40], bound 1/4)
  sets tested           : 8410
  violations k < 1/(n+1): 0
  tight sets k = 1/(n+1): 1
  tight non-{1..n}      : 0
  tight with (n+1)|v   : 0
  tight missing +/-1 res: 0
  tight failing T3      : 0
  elapsed               : 1.7 s

CENSUS W4  (n=4, exhaustive primitive 4-subsets of [1,30], bound 1/5)
  sets tested           : 25819
  violations k < 1/(n+1): 0
  tight sets k = 1/(n+1): 2
  tight non-{1..n}      : 1  (1, 3, 4, 7)
  tight with (n+1)|v   : 0
  tight missing +/-1 res: 0
  tight failing T3      : 0
  elapsed               : 5.9 s

CENSUS W5  (n=5, exhaustive primitive 5-subsets of [1,26], bound 1/6)
  sets tested           : 64436
  violations k < 1/(n+1): 0
  tight sets k = 1/(n+1): 2
  tight non-{1..n}      : 1  (1, 3, 4, 5, 9)
  tight with (n+1)|v   : 0
  tight missing +/-1 res: 0
  tight failing T3      : 0
  elapsed               : 17.5 s

Legend: '(n+1)|v' / 'missing +/-1 res' / 'failing T3' are the three
structural conditions of the Tight-set structure section in
problem.md. All zero here = every tight set found satisfies all three.
