lonely_runner_t4_consecutive.py -- Tue Sep  1 15:33:45 2026
python 3.13.2
Part B: coprime pairs a<b<=120: 4385 checked, violations of exact formulas: 0
  violations: []
Part C: G_k for consecutive ratios, k=1..40
  k= 1: #windows= 2 maxlen=1/2 x<=4  G_k=[('3', '3')]
  k= 2: #windows= 2 maxlen=1/2 x<=4  G_k=[]
  k= 3: #windows= 4 maxlen=5/12 x<=24/5  G_k=[]
  k= 4: #windows= 4 maxlen=7/20 x<=40/7  G_k=[]
  k= 5: #windows= 6 maxlen=3/10 x<=20/3  G_k=[]
  k= 6: #windows= 6 maxlen=11/42 x<=84/11  G_k=[]
  k= 7: #windows= 8 maxlen=13/56 x<=112/13  G_k=[]
  k= 8: #windows= 8 maxlen=5/24 x<=48/5  G_k=[]
  k= 9: #windows=10 maxlen=17/90 x<=180/17  G_k=[]
  k=10: #windows=10 maxlen=19/110 x<=220/19  G_k=[]
  k=11: #windows=12 maxlen=7/44 x<=88/7  G_k=[]
  k=12: #windows=12 maxlen=23/156 x<=312/23  G_k=[]
  k=13: #windows=14 maxlen=25/182 x<=364/25  G_k=[]
  k=14: #windows=14 maxlen=9/70 x<=140/9  G_k=[]
  k=15: #windows=16 maxlen=29/240 x<=480/29  G_k=[]
  k=16: #windows=16 maxlen=31/272 x<=544/31  G_k=[]
  k=17: #windows=18 maxlen=11/102 x<=204/11  G_k=[]
  k=18: #windows=18 maxlen=35/342 x<=684/35  G_k=[]
  k=19: #windows=20 maxlen=37/380 x<=760/37  G_k=[]
  k=20: #windows=20 maxlen=13/140 x<=280/13  G_k=[]
  k=21: #windows=22 maxlen=41/462 x<=924/41  G_k=[]
  k=22: #windows=22 maxlen=43/506 x<=1012/43  G_k=[]
  k=23: #windows=24 maxlen=15/184 x<=368/15  G_k=[]
  k=24: #windows=24 maxlen=47/600 x<=1200/47  G_k=[]
  k=25: #windows=26 maxlen=49/650 x<=1300/49  G_k=[]
  k=26: #windows=26 maxlen=17/234 x<=468/17  G_k=[]
  k=27: #windows=28 maxlen=53/756 x<=1512/53  G_k=[]
  k=28: #windows=28 maxlen=55/812 x<=1624/55  G_k=[]
  k=29: #windows=30 maxlen=19/290 x<=580/19  G_k=[]
  k=30: #windows=30 maxlen=59/930 x<=1860/59  G_k=[]
  k=31: #windows=32 maxlen=61/992 x<=1984/61  G_k=[]
  k=32: #windows=32 maxlen=21/352 x<=704/21  G_k=[]
  k=33: #windows=34 maxlen=65/1122 x<=2244/65  G_k=[]
  k=34: #windows=34 maxlen=67/1190 x<=2380/67  G_k=[]
  k=35: #windows=36 maxlen=23/420 x<=840/23  G_k=[]
  k=36: #windows=36 maxlen=71/1332 x<=2664/71  G_k=[]
  k=37: #windows=38 maxlen=73/1406 x<=2812/73  G_k=[]
  k=38: #windows=38 maxlen=25/494 x<=988/25  G_k=[]
  k=39: #windows=40 maxlen=77/1560 x<=3120/77  G_k=[]
  k=40: #windows=40 maxlen=79/1640 x<=3280/79  G_k=[]
elapsed 14.1 s
lonely_runner_t4_consecutive.py -- Tue Sep  1 15:33:45 2026
python 3.13.2
Part B: coprime pairs a<b<=120: 4385 checked, violations of exact formulas: 0
  violations: []
Part C: G_k for consecutive ratios, k=1..40
  k= 1: #windows= 2 maxlen=1/2 x<=4  G_k=[('3', '3')]
  k= 2: #windows= 2 maxlen=1/2 x<=4  G_k=[]
  k= 3: #windows= 4 maxlen=5/12 x<=24/5  G_k=[]
  k= 4: #windows= 4 maxlen=7/20 x<=40/7  G_k=[]
  k= 5: #windows= 6 maxlen=3/10 x<=20/3  G_k=[]
  k= 6: #windows= 6 maxlen=11/42 x<=84/11  G_k=[]
  k= 7: #windows= 8 maxlen=13/56 x<=112/13  G_k=[]
  k= 8: #windows= 8 maxlen=5/24 x<=48/5  G_k=[]
  k= 9: #windows=10 maxlen=17/90 x<=180/17  G_k=[]
  k=10: #windows=10 maxlen=19/110 x<=220/19  G_k=[]
  k=11: #windows=12 maxlen=7/44 x<=88/7  G_k=[]
  k=12: #windows=12 maxlen=23/156 x<=312/23  G_k=[]
  k=13: #windows=14 maxlen=25/182 x<=364/25  G_k=[]
  k=14: #windows=14 maxlen=9/70 x<=140/9  G_k=[]
  k=15: #windows=16 maxlen=29/240 x<=480/29  G_k=[]
  k=16: #windows=16 maxlen=31/272 x<=544/31  G_k=[]
  k=17: #windows=18 maxlen=11/102 x<=204/11  G_k=[]
  k=18: #windows=18 maxlen=35/342 x<=684/35  G_k=[]
  k=19: #windows=20 maxlen=37/380 x<=760/37  G_k=[]
  k=20: #windows=20 maxlen=13/140 x<=280/13  G_k=[]
  k=21: #windows=22 maxlen=41/462 x<=924/41  G_k=[]
  k=22: #windows=22 maxlen=43/506 x<=1012/43  G_k=[]
  k=23: #windows=24 maxlen=15/184 x<=368/15  G_k=[]
  k=24: #windows=24 maxlen=47/600 x<=1200/47  G_k=[]
  k=25: #windows=26 maxlen=49/650 x<=1300/49  G_k=[]
  k=26: #windows=26 maxlen=17/234 x<=468/17  G_k=[]
  k=27: #windows=28 maxlen=53/756 x<=1512/53  G_k=[]
  k=28: #windows=28 maxlen=55/812 x<=1624/55  G_k=[]
  k=29: #windows=30 maxlen=19/290 x<=580/19  G_k=[]
  k=30: #windows=30 maxlen=59/930 x<=1860/59  G_k=[]
  k=31: #windows=32 maxlen=61/992 x<=1984/61  G_k=[]
  k=32: #windows=32 maxlen=21/352 x<=704/21  G_k=[]
  k=33: #windows=34 maxlen=65/1122 x<=2244/65  G_k=[]
  k=34: #windows=34 maxlen=67/1190 x<=2380/67  G_k=[]
  k=35: #windows=36 maxlen=23/420 x<=840/23  G_k=[]
  k=36: #windows=36 maxlen=71/1332 x<=2664/71  G_k=[]
  k=37: #windows=38 maxlen=73/1406 x<=2812/73  G_k=[]
  k=38: #windows=38 maxlen=25/494 x<=988/25  G_k=[]
  k=39: #windows=40 maxlen=77/1560 x<=3120/77  G_k=[]
  k=40: #windows=40 maxlen=79/1640 x<=3280/79  G_k=[]
elapsed 14.1 s
