lonely_runner_t4_threepair.py -- Tue Sep  1 14:54:10 2026
python 3.13.2
T1s self-tests: PASS
window table built for 7140 pairs [1,120] (22.2 s)
max window length over all pairs: 2/3
T2s EXHAUSTIVE window<->tight equivalence [1,120]: 235258 primitive triples, 0 mismatches (must be 0)
    tight sets: [(1, 2, 3)]
    all-window-condition sets: [(1, 2, 3)]
T3s AB-candidates (pair-{a,b} windows in single B_c arcs) [1,120]: 1
    c<=4a: 1/1   c<=2b: 1/1   a=1: 1   3|some: 1   even: 1   t0-cond: 1
    first 40 AB-candidates: [(1, 2, 3)]
    AB-candidates also passing {a,c}-cond: 1; with a=1: 1; min a over a>=1: 1
    first 30 (a>1 only): []
    ... also passing {b,c}-cond (= tight): 1 [(1, 2, 3)]
    {a,c}-stage kills: length-kill 0, position-only-kill 0
T4s b=2a slice (pair {a,2a} cond, c in (2a,4a], gcd(a,c)=1):
    survivors of pair-{a,2a} window cond: 1 [(1, 2, 3)]
    (a=1 gives the known c in {3,4}; a>=2 survivors = T4-e gap)
    b=2a survivor kills: by {a,c}-cond 0, by {b,c}-cond 0, both 0
done
